// Jest Snapshot v1, https://goo.gl/fbAQLP

exports[`Блок тестов компонента LoginOrRegistration Тестирование по снимку 1`] = `
<div
  className="main-dialog-background"
>
  <div
    className="main-dialog-window"
  >
    <div
      className="dialog-header"
    >
      Окно авторизации
       
    </div>
    <div
      className="wrapper-near-the-all-fields"
    />
    <div
      className="main-dialog-footer"
    >
      <span
        className="users-error-footer"
      >
        
      </span>
      <button
        className="main-dialog-footer-indent"
        disabled={-1}
        onClick={[Function]}
      >
        Войти
      </button>
      <button
        onClick={[Function]}
        style={
          Object {
            "display": "none",
          }
        }
      >
        Выйти
      </button>
    </div>
  </div>
</div>
`;
